; NOTE: Assertions have been autogenerated by tool/update_llpc_test_checks.py UTC_ARGS: --function _amdgpu_ps_main
; Test that the layer input is not output when multiview is enabled.
; For GFX10+, dummy generic output is no longer needed
; If multiview is enabled, it will fail to build with relocatable ELF.

; RUN: amdllpc -enable-relocatable-shader-elf -emit-llvm -o - -gfxip=10.3 %s | FileCheck -check-prefix=SHADERTEST %s

;; Copyright (c) 2025 Advanced Micro Devices, Inc. All Rights Reserved. ;;


[Version]
version = 52

[VsGlsl]
#version 450

layout(location = 0) in vec4 _17;

void main()
{
    gl_Position = _17;
}

[VsInfo]
entryPoint = main

[FsGlsl]
#version 450

layout(location = 0) out vec4 _9;

void main()
{
    _9 = vec4(0,0,0,0);
}

[FsInfo]
entryPoint = main

[ResourceMapping]
userDataNode[0].visibility = 1
userDataNode[0].type = IndirectUserDataVaPtr
userDataNode[0].offsetInDwords = 0
userDataNode[0].sizeInDwords = 1
userDataNode[0].indirectUserDataCount = 8

[GraphicsPipelineState]
topology = VK_PRIMITIVE_TOPOLOGY_TRIANGLE_STRIP
enableMultiView = 1
colorBuffer[0].format = VK_FORMAT_R8G8B8A8_UNORM
colorBuffer[0].channelWriteMask = 15
colorBuffer[0].blendEnable = 0
colorBuffer[0].blendSrcAlphaToColor = 1


[VertexInputState]
binding[0].binding = 0
binding[0].stride = 16
binding[0].inputRate = VK_VERTEX_INPUT_RATE_VERTEX
attribute[0].location = 0
attribute[0].binding = 0
attribute[0].format = VK_FORMAT_R32G32B32A32_SFLOAT
attribute[0].offset = 0
; SHADERTEST-LABEL: @_amdgpu_ps_main(
; SHADERTEST-NEXT:  .entry:
; SHADERTEST-NEXT:    call void @llvm.amdgcn.exp.compr.v2f16(i32 0, i32 15, <2 x half> zeroinitializer, <2 x half> zeroinitializer, i1 true, i1 true)
; SHADERTEST-NEXT:    ret void
;
